// Jest Snapshot v1, https://goo.gl/fbAQLP

exports[`glucoseInput Glucose Input Screen renders correctly 1`] = `<glucoseInput />`;
